✔ independent trusted project cleanup: normal (19.1656ms)
✔ independent trusted project cleanup: down-nonzero (15.3406ms)
✔ independent trusted project cleanup: down-throws (15.6453ms)
✔ independent trusted project cleanup: truncated (15.8317ms)
✔ independent trusted project cleanup: invalid-ids (14.1661ms)
✔ independent trusted project cleanup: wrong-nonce (16.6659ms)
✔ independent trusted project cleanup: immutable (19.5517ms)
✔ every resource cleanup is attempted and failures stay failures: multiple-close-failures (0.7895ms)
✔ every resource cleanup is attempted and failures stay failures: compose-failure (0.3495ms)
✔ every resource cleanup is attempted and failures stay failures: query-unknown (0.4226ms)
✔ never-settling browser close times out and still reaches down (32.9641ms)
✔ never-settling tls close times out and still reaches down (30.8993ms)
✔ never-settling runtime close times out and still reaches down (30.6154ms)
✔ tests/e2e/preview/platform.acceptance.mjs preserves failure and always attempts every cleanup: browser (92.3211ms)
✔ tests/e2e/preview/platform.acceptance.mjs preserves failure and always attempts every cleanup: tls (82.1892ms)
✔ tests/e2e/preview/platform.acceptance.mjs preserves failure and always attempts every cleanup: runtime (93.6397ms)
✔ tests/e2e/preview/platform.acceptance.mjs preserves failure and always attempts every cleanup: diagnostic (89.2401ms)
✔ tests/e2e/preview/platform.acceptance.mjs preserves failure and always attempts every cleanup: primary (100.8231ms)
✔ tests/e2e/preview/platform.acceptance.mjs preserves failure and always attempts every cleanup: success (87.0559ms)
✔ tests/e2e/preview/platform.acceptance.mjs preserves failure and always attempts every cleanup: cleanup-after-success (88.0764ms)
✔ tests/e2e/generation/m1-platform.acceptance.mjs preserves failure and always attempts every cleanup: browser (86.9208ms)
✔ tests/e2e/generation/m1-platform.acceptance.mjs preserves failure and always attempts every cleanup: tls (80.1983ms)
✔ tests/e2e/generation/m1-platform.acceptance.mjs preserves failure and always attempts every cleanup: runtime (83.0603ms)
✔ tests/e2e/generation/m1-platform.acceptance.mjs preserves failure and always attempts every cleanup: diagnostic (79.3766ms)
✔ tests/e2e/generation/m1-platform.acceptance.mjs preserves failure and always attempts every cleanup: primary (82.4048ms)
✔ tests/e2e/generation/m1-platform.acceptance.mjs preserves failure and always attempts every cleanup: success (74.5745ms)
✔ tests/e2e/generation/m1-platform.acceptance.mjs preserves failure and always attempts every cleanup: cleanup-after-success (68.3719ms)
ℹ tests 27
ℹ suites 0
ℹ pass 27
ℹ fail 0
ℹ cancelled 0
ℹ skipped 0
ℹ todo 0
ℹ duration_ms 1309.0697
