{
  "linux": true,
  "paidCalls": 0,
  "network": false,
  "reports": [
    {
      "mode": "normal",
      "exit": {
        "code": 0,
        "signal": null
      },
      "result": {
        "nonce": "f15dec1a-4f2d-46b8-a98a-f695bc3a8769",
        "state": "LINUX_SESSION",
        "nativeExitCode": 0,
        "stopRequested": false,
        "remaining": 0,
        "complete": true
      },
      "foreignUnaffected": true
    },
    {
      "mode": "nonzero",
      "exit": {
        "code": 7,
        "signal": null
      },
      "result": {
        "nonce": "21c746e4-b644-4641-a577-4c01b129c625",
        "state": "LINUX_SESSION",
        "nativeExitCode": 7,
        "stopRequested": false,
        "remaining": 0,
        "complete": true
      },
      "foreignUnaffected": true
    },
    {
      "mode": "blocked",
      "exit": {
        "code": 1,
        "signal": null
      },
      "result": {
        "nonce": "77a69949-4985-445d-b922-3df3aa56c189",
        "state": "LINUX_SESSION",
        "nativeExitCode": null,
        "stopRequested": true,
        "remaining": 0,
        "complete": true
      },
      "foreignUnaffected": true
    }
  ]
}
